Copyright 1986-2019 Xilinx, Inc. All Rights Reserved.
----------------------------------------------------------------------------------------------
| Tool Version : Vivado v.2019.1 (win64) Build 2552052 Fri May 24 14:49:42 MDT 2019
| Date         : Wed Nov 13 18:42:24 2019
| Host         : ADITYA-PC running 64-bit major release  (build 9200)
| Command      : report_design_analysis -file ./vivado_run/Design_Analysis/overall_report.rpt
| Design       : top
| Device       : xc7a35t
| Design State : Routed
----------------------------------------------------------------------------------------------

Report Design Analysis

Table of Contents
-----------------
1. Setup Path Characteristics 1-1
2. Logic Level Distribution

1. Setup Path Characteristics 1-1
---------------------------------

+---------------------------+----------------------------------------------------------------------------------------------------------------------------------------------------------------------------------------------------------------------------------------------------------------------------------------------------------------------------------------------------------------------------------------------------------------------------------------------------------------------------------------------------------------------------------------------------------------------------------------------------------------------------------------------------------------------------------------------------------------------------------------------------------------------------------------------------------------------------------------+
|      Characteristics      |                                                                                                                                                                                                                                                                                                                                                                                                                 Path #1                                                                                                                                                                                                                                                                                                                                                                                                                |
+---------------------------+----------------------------------------------------------------------------------------------------------------------------------------------------------------------------------------------------------------------------------------------------------------------------------------------------------------------------------------------------------------------------------------------------------------------------------------------------------------------------------------------------------------------------------------------------------------------------------------------------------------------------------------------------------------------------------------------------------------------------------------------------------------------------------------------------------------------------------------+
| Requirement               |                                                                                                                                                                                                                                                                                                                                                                                                                                                                                                                                                                                                                                                                                                                                                                                                                                 10.000 |
| Path Delay                |                                                                                                                                                                                                                                                                                                                                                                                                                                                                                                                                                                                                                                                                                                                                                                                                                                151.146 |
| Logic Delay               | 36.274(24%)                                                                                                                                                                                                                                                                                                                                                                                                                                                                                                                                                                                                                                                                                                                                                                                                                            |
| Net Delay                 | 114.872(76%)                                                                                                                                                                                                                                                                                                                                                                                                                                                                                                                                                                                                                                                                                                                                                                                                                           |
| Clock Skew                |                                                                                                                                                                                                                                                                                                                                                                                                                                                                                                                                                                                                                                                                                                                                                                                                                                 -0.039 |
| Slack                     |                                                                                                                                                                                                                                                                                                                                                                                                                                                                                                                                                                                                                                                                                                                                                                                                                               -141.156 |
| Clock Relationship        | Safely Timed                                                                                                                                                                                                                                                                                                                                                                                                                                                                                                                                                                                                                                                                                                                                                                                                                           |
| Logic Levels              |                                                                                                                                                                                                                                                                                                                                                                                                                                                                                                                                                                                                                                                                                                                                                                                                                                    159 |
| Routes                    |                                                                                                                                                                                                                                                                                                                                                                                                                                                                                                                                                                                                                                                                                                                                                                                                                                    157 |
| Logical Path              | FDRE LUT5 LUT6 LUT6 LUT6 LUT6 LUT4 LUT6 LUT4 LUT6 LUT4 LUT3 LUT5 LUT5 LUT5 LUT6 LUT6 LUT5 LUT5 LUT6 LUT5 LUT6 LUT5 LUT5 LUT3 LUT6 LUT5 LUT6 LUT5 LUT6 LUT5 LUT6 LUT5 LUT5 LUT6 LUT5 LUT6 LUT5 LUT6 LUT5 LUT6 LUT5 LUT6 LUT5 LUT3 LUT6 LUT5 LUT6 LUT5 LUT3 LUT6 LUT6 LUT5 LUT6 LUT5 LUT6 LUT5 LUT6 LUT5 LUT6 LUT5 LUT6 LUT5 LUT6 LUT5 LUT5 LUT6 LUT5 LUT6 LUT5 LUT6 LUT5 LUT6 LUT5 LUT6 LUT5 LUT6 LUT5 LUT3 LUT6 LUT6 LUT5 LUT6 LUT5 LUT6 LUT5 LUT6 LUT5 LUT6 LUT5 LUT6 LUT5 LUT5 LUT5 LUT6 LUT5 LUT6 LUT5 LUT6 LUT5 LUT3 LUT6 LUT3 LUT6 LUT5 LUT6 LUT5 LUT5 LUT5 LUT5 LUT6 LUT5 LUT3 LUT6 LUT6 LUT3 LUT6 LUT6 LUT5 LUT3 LUT6 LUT3 LUT6 LUT5 LUT6 LUT5 LUT5 LUT5 LUT5 LUT5 LUT6 LUT5 LUT6 LUT5 LUT5 LUT3 LUT6 LUT6 LUT5 LUT5 LUT5 LUT5 LUT6 LUT5 LUT6 LUT5 LUT5 LUT5 LUT3 LUT6 LUT6 LUT5 LUT6 LUT5 LUT5 LUT3 LUT6 LUT6 MUXF7 MUXF8 FDRE |
| Start Point Clock         | sys_clk_pin                                                                                                                                                                                                                                                                                                                                                                                                                                                                                                                                                                                                                                                                                                                                                                                                                            |
| End Point Clock           | sys_clk_pin                                                                                                                                                                                                                                                                                                                                                                                                                                                                                                                                                                                                                                                                                                                                                                                                                            |
| DSP Block                 | None                                                                                                                                                                                                                                                                                                                                                                                                                                                                                                                                                                                                                                                                                                                                                                                                                                   |
| BRAM                      | None                                                                                                                                                                                                                                                                                                                                                                                                                                                                                                                                                                                                                                                                                                                                                                                                                                   |
| IO Crossings              |                                                                                                                                                                                                                                                                                                                                                                                                                                                                                                                                                                                                                                                                                                                                                                                                                                      0 |
| Config Crossings          |                                                                                                                                                                                                                                                                                                                                                                                                                                                                                                                                                                                                                                                                                                                                                                                                                                      0 |
| SLR Crossings             |                                                                                                                                                                                                                                                                                                                                                                                                                                                                                                                                                                                                                                                                                                                                                                                                                                      0 |
| PBlocks                   |                                                                                                                                                                                                                                                                                                                                                                                                                                                                                                                                                                                                                                                                                                                                                                                                                                      0 |
| High Fanout               |                                                                                                                                                                                                                                                                                                                                                                                                                                                                                                                                                                                                                                                                                                                                                                                                                                     30 |
| Dont Touch                |                                                                                                                                                                                                                                                                                                                                                                                                                                                                                                                                                                                                                                                                                                                                                                                                                                      0 |
| Mark Debug                |                                                                                                                                                                                                                                                                                                                                                                                                                                                                                                                                                                                                                                                                                                                                                                                                                                      0 |
| Start Point Pin Primitive | FDRE/C                                                                                                                                                                                                                                                                                                                                                                                                                                                                                                                                                                                                                                                                                                                                                                                                                                 |
| End Point Pin Primitive   | FDRE/D                                                                                                                                                                                                                                                                                                                                                                                                                                                                                                                                                                                                                                                                                                                                                                                                                                 |
| Start Point Pin           | ab_reg[1]_replica/C                                                                                                                                                                                                                                                                                                                                                                                                                                                                                                                                                                                                                                                                                                                                                                                                                    |
| End Point Pin             | AB_reg[13]/D                                                                                                                                                                                                                                                                                                                                                                                                                                                                                                                                                                                                                                                                                                                                                                                                                           |
+---------------------------+----------------------------------------------------------------------------------------------------------------------------------------------------------------------------------------------------------------------------------------------------------------------------------------------------------------------------------------------------------------------------------------------------------------------------------------------------------------------------------------------------------------------------------------------------------------------------------------------------------------------------------------------------------------------------------------------------------------------------------------------------------------------------------------------------------------------------------------+
* Bounding box calculated as % of dimensions for the target device (188, 300)


2. Logic Level Distribution
---------------------------

+-----------------+-------------+---+-----+-----+----+----+----+-----+-----+-----+-----+-----+-----+-----+-----+
| End Point Clock | Requirement | 0 |  3  |  4  |  5 | 10 | 11 | 152 | 153 | 154 | 155 | 156 | 157 | 158 | 159 |
+-----------------+-------------+---+-----+-----+----+----+----+-----+-----+-----+-----+-----+-----+-----+-----+
| sys_clk_pin     | 10.000ns    | 1 | 364 | 551 | 32 | 32 |  4 |   1 |   2 |   2 |   2 |   2 |   2 |   2 |   3 |
+-----------------+-------------+---+-----+-----+----+----+----+-----+-----+-----+-----+-----+-----+-----+-----+
* Columns represent the logic levels per end point clock
** Distribution is for top worst 1000 paths


